prisma.config.ts(4,3): error TS2353: Object literal may only specify known properties, and 'earlyAccess' does not exist in type 'PrismaConfig'.
src/app/api/clients/route.ts(38,77): error TS2339: Property 'errors' does not exist on type 'ZodError<unknown>'.
src/app/api/invoices/route.ts(66,77): error TS2339: Property 'errors' does not exist on type 'ZodError<unknown>'.
src/app/api/projects/route.ts(49,77): error TS2339: Property 'errors' does not exist on type 'ZodError<unknown>'.
src/app/invoices/new/page.tsx(34,5): error TS2322: Type 'Resolver<{ clientId: string; lineItems: { description: string; quantity: number; rate: number; amount: number; }[]; currency?: string | undefined; paymentTerms?: string | undefined; notes?: string | undefined; }, any, { ...; }>' is not assignable to type 'Resolver<{ clientId: string; currency: string; lineItems: { description: string; quantity: number; rate: number; amount: number; }[]; paymentTerms?: string | undefined; notes?: string | undefined; }, any, { ...; }>'.
  Types of parameters 'options' and 'options' are incompatible.
    Type 'ResolverOptions<{ clientId: string; currency: string; lineItems: { description: string; quantity: number; rate: number; amount: number; }[]; paymentTerms?: string | undefined; notes?: string | undefined; }>' is not assignable to type 'ResolverOptions<{ clientId: string; lineItems: { description: string; quantity: number; rate: number; amount: number; }[]; currency?: string | undefined; paymentTerms?: string | undefined; notes?: string | undefined; }>'.
      Type 'string | undefined' is not assignable to type 'string'.
        Type 'undefined' is not assignable to type 'string'.
src/app/invoices/new/page.tsx(117,35): error TS2345: Argument of type '(data: InvoiceFormValues) => Promise<void>' is not assignable to parameter of type 'SubmitHandler<TFieldValues>'.
  Types of parameters 'data' and 'data' are incompatible.
    Type 'TFieldValues' is not assignable to type '{ clientId: string; currency: string; lineItems: { description: string; quantity: number; rate: number; amount: number; }[]; paymentTerms?: string | undefined; notes?: string | undefined; }'.
      Type 'FieldValues' is missing the following properties from type '{ clientId: string; currency: string; lineItems: { description: string; quantity: number; rate: number; amount: number; }[]; paymentTerms?: string | undefined; notes?: string | undefined; }': clientId, currency, lineItems
src/lib/queue-service.ts(24,57): error TS2322: Type 'Redis' is not assignable to type 'ConnectionOptions'.
  Type 'Redis' is not assignable to type 'IRedisClient | ClusterOptions | Redis | Cluster'.
    Type 'import("C:/Users/Admin/Desktop/Invoxa/node_modules/ioredis/built/Redis").default' is not assignable to type 'import("C:/Users/Admin/Desktop/Invoxa/node_modules/bullmq/node_modules/ioredis/built/Redis").default'.
      Types of property 'options' are incompatible.
        Type 'import("C:/Users/Admin/Desktop/Invoxa/node_modules/ioredis/built/redis/RedisOptions").RedisOptions' is not assignable to type 'import("C:/Users/Admin/Desktop/Invoxa/node_modules/bullmq/node_modules/ioredis/built/redis/RedisOptions").RedisOptions'.
          Type 'RedisOptions' is not assignable to type 'CommonRedisOptions'.
            Types of property 'Connector' are incompatible.
              Type 'import("C:/Users/Admin/Desktop/Invoxa/node_modules/ioredis/built/connectors/ConnectorConstructor").default | undefined' is not assignable to type 'import("C:/Users/Admin/Desktop/Invoxa/node_modules/bullmq/node_modules/ioredis/built/connectors/ConnectorConstructor").default | undefined'.
                Type 'import("C:/Users/Admin/Desktop/Invoxa/node_modules/ioredis/built/connectors/ConnectorConstructor").default' is not assignable to type 'import("C:/Users/Admin/Desktop/Invoxa/node_modules/bullmq/node_modules/ioredis/built/connectors/ConnectorConstructor").default'.
                  Type 'import("C:/Users/Admin/Desktop/Invoxa/node_modules/ioredis/built/connectors/AbstractConnector").default' is not assignable to type 'import("C:/Users/Admin/Desktop/Invoxa/node_modules/bullmq/node_modules/ioredis/built/connectors/AbstractConnector").default'.
                    Property 'connecting' is protected but type 'AbstractConnector' is not a class derived from 'AbstractConnector'.
src/lib/queue-service.ts(45,45): error TS2322: Type 'Redis' is not assignable to type 'ConnectionOptions'.
  Type 'Redis' is not assignable to type 'IRedisClient | ClusterOptions | Redis | Cluster'.
    Type 'import("C:/Users/Admin/Desktop/Invoxa/node_modules/ioredis/built/Redis").default' is not assignable to type 'import("C:/Users/Admin/Desktop/Invoxa/node_modules/bullmq/node_modules/ioredis/built/Redis").default'.
      Types of property 'options' are incompatible.
        Type 'import("C:/Users/Admin/Desktop/Invoxa/node_modules/ioredis/built/redis/RedisOptions").RedisOptions' is not assignable to type 'import("C:/Users/Admin/Desktop/Invoxa/node_modules/bullmq/node_modules/ioredis/built/redis/RedisOptions").RedisOptions'.
          Type 'RedisOptions' is not assignable to type 'CommonRedisOptions'.
            Types of property 'Connector' are incompatible.
              Type 'import("C:/Users/Admin/Desktop/Invoxa/node_modules/ioredis/built/connectors/ConnectorConstructor").default | undefined' is not assignable to type 'import("C:/Users/Admin/Desktop/Invoxa/node_modules/bullmq/node_modules/ioredis/built/connectors/ConnectorConstructor").default | undefined'.
                Type 'import("C:/Users/Admin/Desktop/Invoxa/node_modules/ioredis/built/connectors/ConnectorConstructor").default' is not assignable to type 'import("C:/Users/Admin/Desktop/Invoxa/node_modules/bullmq/node_modules/ioredis/built/connectors/ConnectorConstructor").default'.
                  Type 'import("C:/Users/Admin/Desktop/Invoxa/node_modules/ioredis/built/connectors/AbstractConnector").default' is not assignable to type 'import("C:/Users/Admin/Desktop/Invoxa/node_modules/bullmq/node_modules/ioredis/built/connectors/AbstractConnector").default'.
                    Property 'connecting' is protected but type 'AbstractConnector' is not a class derived from 'AbstractConnector'.
src/workers/recurring.worker.ts(27,7): error TS2322: Type '{ client: true; }' is not assignable to type 'never'.
src/workers/recurring.worker.ts(33,70): error TS2339: Property 'name' does not exist on type 'never'.
src/workers/recurring.worker.ts(58,6): error TS2322: Type 'Redis' is not assignable to type 'ConnectionOptions'.
  Type 'Redis' is not assignable to type 'IRedisClient | ClusterOptions | Redis | Cluster'.
    Type 'import("C:/Users/Admin/Desktop/Invoxa/node_modules/ioredis/built/Redis").default' is not assignable to type 'import("C:/Users/Admin/Desktop/Invoxa/node_modules/bullmq/node_modules/ioredis/built/Redis").default'.
      Types of property 'options' are incompatible.
        Type 'import("C:/Users/Admin/Desktop/Invoxa/node_modules/ioredis/built/redis/RedisOptions").RedisOptions' is not assignable to type 'import("C:/Users/Admin/Desktop/Invoxa/node_modules/bullmq/node_modules/ioredis/built/redis/RedisOptions").RedisOptions'.
          Type 'RedisOptions' is not assignable to type 'CommonRedisOptions'.
            Types of property 'Connector' are incompatible.
              Type 'import("C:/Users/Admin/Desktop/Invoxa/node_modules/ioredis/built/connectors/ConnectorConstructor").default | undefined' is not assignable to type 'import("C:/Users/Admin/Desktop/Invoxa/node_modules/bullmq/node_modules/ioredis/built/connectors/ConnectorConstructor").default | undefined'.
                Type 'import("C:/Users/Admin/Desktop/Invoxa/node_modules/ioredis/built/connectors/ConnectorConstructor").default' is not assignable to type 'import("C:/Users/Admin/Desktop/Invoxa/node_modules/bullmq/node_modules/ioredis/built/connectors/ConnectorConstructor").default'.
                  Type 'import("C:/Users/Admin/Desktop/Invoxa/node_modules/ioredis/built/connectors/AbstractConnector").default' is not assignable to type 'import("C:/Users/Admin/Desktop/Invoxa/node_modules/bullmq/node_modules/ioredis/built/connectors/AbstractConnector").default'.
                    Property 'connecting' is protected but type 'AbstractConnector' is not a class derived from 'AbstractConnector'.
